#
# There is insufficient memory for the Java Runtime Environment to continue.
# Native memory allocation (mmap) failed to map 260046848 bytes. Error detail: G1 virtual space
# Possible reasons:
#   The system is out of physical RAM or swap space
#   This process is running with CompressedOops enabled, and the Java Heap may be blocking the growth of the native heap
# Possible solutions:
#   Reduce memory load on the system
#   Increase physical memory or swap space
#   Check if swap backing store is full
#   Decrease Java heap size (-Xmx/-Xms)
#   Decrease number of Java threads
#   Decrease Java thread stack sizes (-Xss)
#   Set larger code cache with -XX:ReservedCodeCacheSize=
#   JVM is running with Zero Based Compressed Oops mode in which the Java heap is
#     placed in the first 32GB address space. The Java Heap base address is the
#     maximum limit for the native heap growth. Please use -XX:HeapBaseMinAddress
#     to set the Java Heap base and to place the Java Heap above 32GB virtual address.
# This output file may be truncated or incomplete.
#
#  Out of Memory Error (os_windows.cpp:3815), pid=22040, tid=17980
#
# JRE version:  (21.0.3) (build )
# Java VM: OpenJDK 64-Bit Server VM (21.0.3+-12282718-b509.11, mixed mode, sharing, tiered, compressed oops, compressed class ptrs, g1 gc, windows-amd64)
# No core dump will be written. Minidumps are not enabled by default on client versions of Windows
#

---------------  S U M M A R Y ------------

Command Line: org.jetbrains.kotlin.cli.jvm.K2JVMCompiler @D:\Projects\Mobile\Apps\Nodra\app\build\20250414_17372784313707699976.compiler.options

Host: AMD Ryzen 9 5900HS with Radeon Graphics        , 16 cores, 15G,  Windows 11 , 64 bit Build 22621 (10.0.22621.5124)
Time: Mon Apr 14 19:58:15 2025 Egypt Standard Time elapsed time: 0.007569 seconds (0d 0h 0m 0s)

---------------  T H R E A D  ---------------

Current thread (0x000001b9a4bdf980):  JavaThread "Unknown thread" [_thread_in_vm, id=17980, stack(0x000000537ce00000,0x000000537cf00000) (1024K)]

Stack: [0x000000537ce00000,0x000000537cf00000]
Native frames: (J=compiled Java code, j=interpreted, Vv=VM code, C=native code)
V  [jvm.dll+0x6cafb9]
V  [jvm.dll+0x858523]
V  [jvm.dll+0x85aa7e]
V  [jvm.dll+0x85b163]
V  [jvm.dll+0x27d356]
V  [jvm.dll+0x6c7865]
V  [jvm.dll+0x6bbd3a]
V  [jvm.dll+0x35199b]
V  [jvm.dll+0x3595d6]
V  [jvm.dll+0x3aa826]
V  [jvm.dll+0x3aaaf8]
V  [jvm.dll+0x3240bc]
V  [jvm.dll+0x324dab]
V  [jvm.dll+0x81fd89]
V  [jvm.dll+0x3b7c08]
V  [jvm.dll+0x80921d]
V  [jvm.dll+0x44c05e]
V  [jvm.dll+0x44d6b1]
C  [jli.dll+0x52ab]
C  [ucrtbase.dll+0x29333]
C  [KERNEL32.DLL+0x1259d]
C  [ntdll.dll+0x5af38]


---------------  P R O C E S S  ---------------

Threads class SMR info:
_java_thread_list=0x00007ff8b83b57c8, length=0, elements={
}

Java Threads: ( => current thread )
Total: 0

Other Threads:
  0x000001b9a6ee1040 WorkerThread "GC Thread#0"                     [id=21772, stack(0x000000537cf00000,0x000000537d000000) (1024K)]
  0x000001b9a6ef1810 ConcurrentGCThread "G1 Main Marker"            [id=16784, stack(0x000000537d000000,0x000000537d100000) (1024K)]
  0x000001b9a6ef32d0 WorkerThread "G1 Conc#0"                       [id=25788, stack(0x000000537d100000,0x000000537d200000) (1024K)]

[error occurred during error reporting (printing all threads), id 0xc0000005, EXCEPTION_ACCESS_VIOLATION (0xc0000005) at pc=0x00007ff8b7bb7197]
VM state: not at safepoint (not fully initialized)

VM Mutex/Monitor currently owned by a thread:  ([mutex/lock_event])
[0x00007ff8b84221c8] Heap_lock - owner thread: 0x000001b9a4bdf980

Heap address: 0x0000000709800000, size: 3944 MB, Compressed Oops mode: Zero based, Oop shift amount: 3

CDS archive(s) mapped at: [0x0000000000000000-0x0000000000000000-0x0000000000000000), size 0, SharedBaseAddress: 0x0000000800000000, ArchiveRelocationMode: 1.
Narrow klass base: 0x0000000000000000, Narrow klass shift: 0, Narrow klass range: 0x0

GC Precious Log:
 CardTable entry size: 512
 Card Set container configuration: InlinePtr #cards 4 size 8 Array Of Cards #cards 16 size 48 Howl #buckets 8 coarsen threshold 3686 Howl Bitmap #cards 512 size 80 coarsen threshold 460 Card regions per heap region 1 cards per card region 4096

Heap:
 garbage-first heap   total 0K, used 0K [0x0000000709800000, 0x0000000800000000)
  region size 2048K, 0 young (0K), 0 survivors (0K)
 Metaspace       used 0K, committed 0K, reserved 0K
  class space    used 0K, committed 0K, reserved 0K

Heap Regions: E=young(eden), S=young(survivor), O=old, HS=humongous(starts), HC=humongous(continues), CS=collection set, F=free, TAMS=top-at-mark-start, PB=parsable bottom

Card table byte_map: [0x000001b9ba010000,0x000001b9ba7d0000] _byte_map_base: 0x000001b9b67c4000

Marking Bits: (CMBitMap*) 0x000001b9a6ee1740
 Bits: [0x000001b9ba7d0000, 0x000001b9be570000)

GC Heap History (0 events):
No events

Dll operation events (1 events):
Event: 0.005 Loaded shared library C:\Program Files\Android\Android Studio\jbr\bin\java.dll

Deoptimization events (0 events):
No events

Classes loaded (0 events):
No events

Classes unloaded (0 events):
No events

Classes redefined (0 events):
No events

Internal exceptions (0 events):
No events

ZGC Phase Switch (0 events):
No events

VM Operations (0 events):
No events

Events (0 events):
No events


Dynamic libraries:
0x00007ff7b4690000 - 0x00007ff7b469a000 	C:\Program Files\Android\Android Studio\jbr\bin\java.exe
0x00007ff9d85b0000 - 0x00007ff9d87c7000 	C:\WINDOWS\SYSTEM32\ntdll.dll
0x00007ff9d6530000 - 0x00007ff9d65f4000 	C:\WINDOWS\System32\KERNEL32.DLL
0x00007ff9d5b00000 - 0x00007ff9d5ed3000 	C:\WINDOWS\System32\KERNELBASE.dll
0x00007ff9d58c0000 - 0x00007ff9d59d1000 	C:\WINDOWS\System32\ucrtbase.dll
0x00007ff9ce790000 - 0x00007ff9ce7a8000 	C:\Program Files\Android\Android Studio\jbr\bin\jli.dll
0x00007ff9b91d0000 - 0x00007ff9b91eb000 	C:\Program Files\Android\Android Studio\jbr\bin\VCRUNTIME140.dll
0x00007ff9d6250000 - 0x00007ff9d6401000 	C:\WINDOWS\System32\USER32.dll
0x00007ff9d6010000 - 0x00007ff9d6036000 	C:\WINDOWS\System32\win32u.dll
0x00007ff9c78c0000 - 0x00007ff9c7b58000 	C:\WINDOWS\WinSxS\amd64_microsoft.windows.common-controls_6595b64144ccf1df_6.0.22621.5124_none_270e8f4f7386d69d\COMCTL32.dll
0x00007ff9d8020000 - 0x00007ff9d8049000 	C:\WINDOWS\System32\GDI32.dll
0x00007ff9d7450000 - 0x00007ff9d74f7000 	C:\WINDOWS\System32\msvcrt.dll
0x00007ff9d59e0000 - 0x00007ff9d5afb000 	C:\WINDOWS\System32\gdi32full.dll
0x00007ff9d6040000 - 0x00007ff9d60da000 	C:\WINDOWS\System32\msvcp_win.dll
0x00007ff9d7500000 - 0x00007ff9d7531000 	C:\WINDOWS\System32\IMM32.DLL
0x00007ff9c8970000 - 0x00007ff9c897c000 	C:\Program Files\Android\Android Studio\jbr\bin\vcruntime140_1.dll
0x00007ff986f70000 - 0x00007ff986ffd000 	C:\Program Files\Android\Android Studio\jbr\bin\msvcp140.dll
0x00007ff8b7880000 - 0x00007ff8b84fd000 	C:\Program Files\Android\Android Studio\jbr\bin\server\jvm.dll
0x00007ff9d7270000 - 0x00007ff9d7321000 	C:\WINDOWS\System32\ADVAPI32.dll
0x00007ff9d6920000 - 0x00007ff9d69c8000 	C:\WINDOWS\System32\sechost.dll
0x00007ff9d5ee0000 - 0x00007ff9d5f08000 	C:\WINDOWS\System32\bcrypt.dll
0x00007ff9d7e80000 - 0x00007ff9d7f94000 	C:\WINDOWS\System32\RPCRT4.dll
0x00007ff9d7fa0000 - 0x00007ff9d8011000 	C:\WINDOWS\System32\WS2_32.dll
0x00007ff9d5590000 - 0x00007ff9d55dd000 	C:\WINDOWS\SYSTEM32\POWRPROF.dll
0x00007ff9d32b0000 - 0x00007ff9d32e4000 	C:\WINDOWS\SYSTEM32\WINMM.dll
0x00007ff9cf460000 - 0x00007ff9cf46a000 	C:\WINDOWS\SYSTEM32\VERSION.dll
0x00007ff9d5570000 - 0x00007ff9d5583000 	C:\WINDOWS\SYSTEM32\UMPDC.dll
0x00007ff9d46b0000 - 0x00007ff9d46c8000 	C:\WINDOWS\SYSTEM32\kernel.appcore.dll
0x00007ff9c75d0000 - 0x00007ff9c75da000 	C:\Program Files\Android\Android Studio\jbr\bin\jimage.dll
0x00007ff9d3070000 - 0x00007ff9d32a2000 	C:\WINDOWS\SYSTEM32\DBGHELP.DLL
0x00007ff9d8080000 - 0x00007ff9d8412000 	C:\WINDOWS\System32\combase.dll
0x00007ff9d8420000 - 0x00007ff9d84f7000 	C:\WINDOWS\System32\OLEAUT32.dll
0x00007ff9d32f0000 - 0x00007ff9d3322000 	C:\WINDOWS\SYSTEM32\dbgcore.DLL
0x00007ff9d5f10000 - 0x00007ff9d5f8b000 	C:\WINDOWS\System32\bcryptPrimitives.dll
0x00007ff9b91b0000 - 0x00007ff9b91cf000 	C:\Program Files\Android\Android Studio\jbr\bin\java.dll

dbghelp: loaded successfully - version: 4.0.5 - missing functions: none
symbol engine: initialized successfully - sym options: 0x614 - pdb path: .;C:\Program Files\Android\Android Studio\jbr\bin;C:\WINDOWS\SYSTEM32;C:\WINDOWS\WinSxS\amd64_microsoft.windows.common-controls_6595b64144ccf1df_6.0.22621.5124_none_270e8f4f7386d69d;C:\Program Files\Android\Android Studio\jbr\bin\server

VM Arguments:
java_command: org.jetbrains.kotlin.cli.jvm.K2JVMCompiler @D:\Projects\Mobile\Apps\Nodra\app\build\20250414_17372784313707699976.compiler.options
java_class_path (initial): C:\Users\Mohammed Ehap\.gradle\caches\modules-2\files-2.1\org.jetbrains.kotlin\kotlin-compiler-embeddable\2.0.21\79346ed53db48b18312a472602eb5c057070c54d\kotlin-compiler-embeddable-2.0.21.jar;C:\Users\Mohammed Ehap\.gradle\caches\modules-2\files-2.1\org.jetbrains.kotlin\kotlin-stdlib\2.0.21\618b539767b4899b4660a83006e052b63f1db551\kotlin-stdlib-2.0.21.jar;C:\Users\Mohammed Ehap\.gradle\caches\modules-2\files-2.1\org.jetbrains.kotlin\kotlin-script-runtime\2.0.21\c9b044380ad41f89aa89aa896c2d32a8c0b2129d\kotlin-script-runtime-2.0.21.jar;C:\Users\Mohammed Ehap\.gradle\caches\modules-2\files-2.1\org.jetbrains.kotlin\kotlin-reflect\1.6.10\1cbe9c92c12a94eea200d23c2bbaedaf3daf5132\kotlin-reflect-1.6.10.jar;C:\Users\Mohammed Ehap\.gradle\caches\modules-2\files-2.1\org.jetbrains.kotlin\kotlin-daemon-embeddable\2.0.21\c9e933b23287de9b5a17e2116b4657bb91aea72c\kotlin-daemon-embeddable-2.0.21.jar;C:\Users\Mohammed Ehap\.gradle\caches\modules-2\files-2.1\org.jetbrains.intellij.deps\trove4j\1.0.20200330\3afb14d5f9ceb459d724e907a21145e8ff394f02\trove4j-1.0.20200330.jar;C:\Users\Mohammed Ehap\.gradle\caches\modules-2\files-2.1\org.jetbrains.kotlinx\kotlinx-coroutines-core-jvm\1.6.4\2c997cd1c0ef33f3e751d3831929aeff1390cb30\kotlinx-coroutines-core-jvm-1.6.4.jar;C:\Users\Mohammed Ehap\.gradle\caches\modules-2\files-2.1\org.jetbrains\annotations\13.0\919f0dfe192fb4e063e7dacadee7f8bb9a2672a9\annotations-13.0.jar
Launcher Type: SUN_STANDARD

[Global flags]
     intx CICompilerCount                          = 12                                        {product} {ergonomic}
     uint ConcGCThreads                            = 3                                         {product} {ergonomic}
     uint G1ConcRefinementThreads                  = 13                                        {product} {ergonomic}
   size_t G1HeapRegionSize                         = 2097152                                   {product} {ergonomic}
    uintx GCDrainStackTargetSize                   = 64                                        {product} {ergonomic}
   size_t InitialHeapSize                          = 260046848                                 {product} {ergonomic}
   size_t MarkStackSize                            = 4194304                                   {product} {ergonomic}
   size_t MaxHeapSize                              = 4135583744                                {product} {ergonomic}
   size_t MinHeapDeltaBytes                        = 2097152                                   {product} {ergonomic}
   size_t MinHeapSize                              = 8388608                                   {product} {ergonomic}
    uintx NonNMethodCodeHeapSize                   = 7602480                                {pd product} {ergonomic}
    uintx NonProfiledCodeHeapSize                  = 122027880                              {pd product} {ergonomic}
    uintx ProfiledCodeHeapSize                     = 122027880                              {pd product} {ergonomic}
    uintx ReservedCodeCacheSize                    = 251658240                              {pd product} {ergonomic}
     bool SegmentedCodeCache                       = true                                      {product} {ergonomic}
   size_t SoftMaxHeapSize                          = 4135583744                             {manageable} {ergonomic}
     bool UseCompressedOops                        = true                           {product lp64_product} {ergonomic}
     bool UseG1GC                                  = true                                      {product} {ergonomic}
     bool UseLargePagesIndividualAllocation        = false                                  {pd product} {ergonomic}

Logging:
Log output configuration:
 #0: stdout all=warning uptime,level,tags foldmultilines=false
 #1: stderr all=off uptime,level,tags foldmultilines=false

Environment Variables:
PATH=C:\Program Files (x86)\VMware\VMware Workstation\bin\;C:\Program Files\Common Files\Oracle\Java\javapath;C:\Program Files (x86)\Common Files\Intel\Shared Libraries\redist\intel64_win\compiler;C:\Python312\Scripts\;C:\Python312\;C:\Program Files (x86)\Common Files\Intel\Shared Libraries\redist\intel64\compiler;C:\Windows\system32;C:\Windows;C:\Windows\System32\Wbem;C:\Windows\System32\WindowsPowerShell\v1.0\;C:\Windows\System32\OpenSSH\;C:\Program Files (x86)\NVIDIA Corporation\PhysX\Common;C:\WINDOWS\system32;C:\WINDOWS;C:\WINDOWS\System32\Wbem;C:\WINDOWS\System32\WindowsPowerShell\v1.0\;C:\WINDOWS\System32\OpenSSH\;C:\Program Files\Docker\Docker\resources\bin;C:\kotlin-compiler\kotlinc\bin;C:\ProgramData\chocolatey\bin;C:\msys64\mingw64\bin;C:\Program Files\dotnet\;C:\Program Files\Go\bin;C:\Program Files\Microsoft SQL Server\150\Tools\Binn\;C:\Program Files\Microsoft SQL Server\Client SDK\ODBC\170\Tools\Binn\;C:\Program Files\Git\cmd;C:\Program Files\nodejs\;C:\Program Files\NVIDIA Corporation\NVIDIA app\NvDLISR;C:\Program Files\PowerShell\7\;C:\Users\Mohammed Ehap\AppData\Local\pnpm;C:\Users\Mohammed Ehap\AppData\Local\Programs\Python\Python311\Scripts\;C:\Users\Mohammed Ehap\AppData\Local\Programs\Python\Python311\;C:\Users\Mohammed Ehap\AppData\Local\Microsoft\WindowsApps;C:\Users\Mohammed Ehap\AppData\Local\Programs\Microsoft VS Code\bin;C:\Users\Mohammed Ehap\AppData\Local\GitHubDesktop\bin;C:\Program Files\JetBrains\IntelliJ IDEA Community Edition 2024.2.4\bin;;C:\Program Files\IBM\Cloud\bin;C:\Program Files\JetBrains\RustRover 233.10527.212\bin;;C:\Users\Mohammed Ehap\go\bin;C:\Users\Mohammed Ehap\.dotnet\tools;C:\Users\Mohammed Ehap\AppData\Roaming\npm
USERNAME=Mohammed Ehap
OS=Windows_NT
PROCESSOR_IDENTIFIER=AMD64 Family 25 Model 80 Stepping 0, AuthenticAMD
TMP=C:\Users\MOHAMM~1\AppData\Local\Temp
TEMP=C:\Users\MOHAMM~1\AppData\Local\Temp




Periodic native trim disabled

JNI global refs:
JNI global refs: 0, weak refs: 0

JNI global refs memory usage: 0, weak refs: 0

Process memory usage:
Resident Set Size: 11908K (0% of 16153748K total physical memory with 334640K free physical memory)

OOME stack traces (most recent first):
Classloader memory used:

---------------  S Y S T E M  ---------------

OS:
 Windows 11 , 64 bit Build 22621 (10.0.22621.5124)
OS uptime: 2 days 17:15 hours
Hyper-V role detected

CPU: total 16 (initial active 16) (16 cores per cpu, 2 threads per core) family 25 model 80 stepping 0 microcode 0x0, cx8, cmov, fxsr, ht, mmx, 3dnowpref, sse, sse2, sse3, ssse3, sse4a, sse4.1, sse4.2, popcnt, lzcnt, tsc, tscinvbit, avx, avx2, aes, erms, clmul, bmi1, bmi2, adx, sha, fma, vzeroupper, clflush, clflushopt, hv, rdtscp, rdpid, fsrm, f16c, cet_ss
Processor Information for all 16 processors :
  Max Mhz: 3301, Current Mhz: 3301, Mhz Limit: 3301

Memory: 4k page, system-wide physical 15775M (326M free)
TotalPageFile size 21775M (AvailPageFile size 15M)
current process WorkingSet (physical memory assigned to process): 11M, peak: 11M
current process commit charge ("private bytes"): 70M, peak: 318M

vm_info: OpenJDK 64-Bit Server VM (21.0.3+-12282718-b509.11) for windows-amd64 JRE (21.0.3+-12282718-b509.11), built on 2024-08-27T17:34:15Z by "builder" with MS VC++ 16.10 / 16.11 (VS2019)

END.
